{
  "version": "1.5.0",
  "plugins_used": [
    {
      "name": "ArtifactoryDetector"
    },
    {
      "name": "AWSKeyDetector"
    },
    {
      "name": "AzureStorageKeyDetector"
    },
    {
      "name": "Base64HighEntropyString",
      "limit": 4.5
    },
    {
      "name": "BasicAuthDetector"
    },
    {
      "name": "CloudantDetector"
    },
    {
      "name": "DiscordBotTokenDetector"
    },
    {
      "name": "GitHubTokenDetector"
    },
    {
      "name": "GitLabTokenDetector"
    },
    {
      "name": "HexHighEntropyString",
      "limit": 3.0
    },
    {
      "name": "IbmCloudIamDetector"
    },
    {
      "name": "IbmCosHmacDetector"
    },
    {
      "name": "IPPublicDetector"
    },
    {
      "name": "JwtTokenDetector"
    },
    {
      "name": "KeywordDetector",
      "keyword_exclude": ""
    },
    {
      "name": "MailchimpDetector"
    },
    {
      "name": "NpmDetector"
    },
    {
      "name": "OpenAIDetector"
    },
    {
      "name": "PrivateKeyDetector"
    },
    {
      "name": "PypiTokenDetector"
    },
    {
      "name": "SendGridDetector"
    },
    {
      "name": "SlackDetector"
    },
    {
      "name": "SoftlayerDetector"
    },
    {
      "name": "SquareOAuthDetector"
    },
    {
      "name": "StripeDetector"
    },
    {
      "name": "TelegramBotTokenDetector"
    },
    {
      "name": "TwilioKeyDetector"
    }
  ],
  "filters_used": [
    {
      "path": "detect_secrets.filters.allowlist.is_line_allowlisted"
    },
    {
      "path": "detect_secrets.filters.common.is_ignored_due_to_verification_policies",
      "min_level": 2
    },
    {
      "path": "detect_secrets.filters.heuristic.is_indirect_reference"
    },
    {
      "path": "detect_secrets.filters.heuristic.is_likely_id_string"
    },
    {
      "path": "detect_secrets.filters.heuristic.is_lock_file"
    },
    {
      "path": "detect_secrets.filters.heuristic.is_not_alphanumeric_string"
    },
    {
      "path": "detect_secrets.filters.heuristic.is_potential_uuid"
    },
    {
      "path": "detect_secrets.filters.heuristic.is_prefixed_with_dollar_sign"
    },
    {
      "path": "detect_secrets.filters.heuristic.is_sequential_string"
    },
    {
      "path": "detect_secrets.filters.heuristic.is_swagger_file"
    },
    {
      "path": "detect_secrets.filters.heuristic.is_templated_secret"
    },
    {
      "path": "detect_secrets.filters.regex.should_exclude_file",
      "pattern": [
        "\\.env\\.example$"
      ]
    }
  ],
  "results": {
    ".env.prod.example": [
      {
        "type": "Basic Auth Credentials",
        "filename": ".env.prod.example",
        "hashed_secret": "330f9960823b5cf7b9fc146e99310cb3153432ea",
        "is_verified": false,
        "line_number": 64
      }
    ],
    "src/core/config.py": [
      {
        "type": "Secret Keyword",
        "filename": "src/core/config.py",
        "hashed_secret": "8ed4322e8e2790b8c928d381ce8d07cfd966e909",
        "is_verified": false,
        "line_number": 251
      }
    ],
    "src/domains/chat/llm_factory.py": [
      {
        "type": "Secret Keyword",
        "filename": "src/domains/chat/llm_factory.py",
        "hashed_secret": "ec3810e10fb78db55ce38b9c18d1c3eb1db739e0",
        "is_verified": false,
        "line_number": 36
      },
      {
        "type": "Secret Keyword",
        "filename": "src/domains/chat/llm_factory.py",
        "hashed_secret": "e9a5f12a8ecbb3eb46eca5096b5c52aa5e7c9fdd",
        "is_verified": false,
        "line_number": 217
      }
    ],
    "src/infra/llm/provider_factory.py": [
      {
        "type": "Secret Keyword",
        "filename": "src/infra/llm/provider_factory.py",
        "hashed_secret": "8ed4322e8e2790b8c928d381ce8d07cfd966e909",
        "is_verified": false,
        "line_number": 43
      },
      {
        "type": "Secret Keyword",
        "filename": "src/infra/llm/provider_factory.py",
        "hashed_secret": "e9a5f12a8ecbb3eb46eca5096b5c52aa5e7c9fdd",
        "is_verified": false,
        "line_number": 58
      }
    ],
    "tests/auth/test_auth_flows.py": [
      {
        "type": "Secret Keyword",
        "filename": "tests/auth/test_auth_flows.py",
        "hashed_secret": "32ca9fc1a0f5b6330e3f4c8c1bbecde9bedb9573",
        "is_verified": false,
        "line_number": 44
      },
      {
        "type": "Secret Keyword",
        "filename": "tests/auth/test_auth_flows.py",
        "hashed_secret": "d1a6d455ad611486acae56cfa66f20c3a5f3f6a4",
        "is_verified": false,
        "line_number": 946
      }
    ],
    "tests/auth/test_email_backend.py": [
      {
        "type": "Secret Keyword",
        "filename": "tests/auth/test_email_backend.py",
        "hashed_secret": "d4e0e04792fd434b5dc9c4155c178f66edcf4ed3",
        "is_verified": false,
        "line_number": 58
      },
      {
        "type": "Secret Keyword",
        "filename": "tests/auth/test_email_backend.py",
        "hashed_secret": "af43a223eac04e9016c1482464960e6ad536c57a",
        "is_verified": false,
        "line_number": 59
      }
    ],
    "tests/auth/test_login_route.py": [
      {
        "type": "Secret Keyword",
        "filename": "tests/auth/test_login_route.py",
        "hashed_secret": "32ca9fc1a0f5b6330e3f4c8c1bbecde9bedb9573",
        "is_verified": false,
        "line_number": 53
      },
      {
        "type": "Secret Keyword",
        "filename": "tests/auth/test_login_route.py",
        "hashed_secret": "95a2e33eefdc461e8a06007fb32952dad82e6a34",
        "is_verified": false,
        "line_number": 135
      }
    ],
    "tests/auth/test_login_schemas.py": [
      {
        "type": "Secret Keyword",
        "filename": "tests/auth/test_login_schemas.py",
        "hashed_secret": "32ca9fc1a0f5b6330e3f4c8c1bbecde9bedb9573",
        "is_verified": false,
        "line_number": 28
      }
    ],
    "tests/auth/test_password_reset_route.py": [
      {
        "type": "Secret Keyword",
        "filename": "tests/auth/test_password_reset_route.py",
        "hashed_secret": "32ca9fc1a0f5b6330e3f4c8c1bbecde9bedb9573",
        "is_verified": false,
        "line_number": 13
      }
    ],
    "tests/auth/test_signup_password_hashing.py": [
      {
        "type": "Secret Keyword",
        "filename": "tests/auth/test_signup_password_hashing.py",
        "hashed_secret": "32ca9fc1a0f5b6330e3f4c8c1bbecde9bedb9573",
        "is_verified": false,
        "line_number": 61
      }
    ],
    "tests/auth/test_signup_route.py": [
      {
        "type": "Secret Keyword",
        "filename": "tests/auth/test_signup_route.py",
        "hashed_secret": "32ca9fc1a0f5b6330e3f4c8c1bbecde9bedb9573",
        "is_verified": false,
        "line_number": 79
      },
      {
        "type": "Secret Keyword",
        "filename": "tests/auth/test_signup_route.py",
        "hashed_secret": "1ded3053d0363079a4e681a3b700435d6d880290",
        "is_verified": false,
        "line_number": 110
      }
    ],
    "tests/auth/test_signup_schemas.py": [
      {
        "type": "Secret Keyword",
        "filename": "tests/auth/test_signup_schemas.py",
        "hashed_secret": "32ca9fc1a0f5b6330e3f4c8c1bbecde9bedb9573",
        "is_verified": false,
        "line_number": 39
      }
    ],
    "tests/auth/test_verify_email_route.py": [
      {
        "type": "Secret Keyword",
        "filename": "tests/auth/test_verify_email_route.py",
        "hashed_secret": "32ca9fc1a0f5b6330e3f4c8c1bbecde9bedb9573",
        "is_verified": false,
        "line_number": 14
      }
    ],
    "tests/chat/conftest.py": [
      {
        "type": "Secret Keyword",
        "filename": "tests/chat/conftest.py",
        "hashed_secret": "8ed4322e8e2790b8c928d381ce8d07cfd966e909",
        "is_verified": false,
        "line_number": 266
      }
    ],
    "tests/chat/test_api_provider_switching.py": [
      {
        "type": "Secret Keyword",
        "filename": "tests/chat/test_api_provider_switching.py",
        "hashed_secret": "8ed4322e8e2790b8c928d381ce8d07cfd966e909",
        "is_verified": false,
        "line_number": 335
      }
    ],
    "tests/chat/test_di_container.py": [
      {
        "type": "Secret Keyword",
        "filename": "tests/chat/test_di_container.py",
        "hashed_secret": "e9a5f12a8ecbb3eb46eca5096b5c52aa5e7c9fdd",
        "is_verified": false,
        "line_number": 508
      }
    ],
    "tests/chat/test_llm_client.py": [
      {
        "type": "Secret Keyword",
        "filename": "tests/chat/test_llm_client.py",
        "hashed_secret": "fd9a45bc0b07706d849cf85021ecf9123fa83d82",
        "is_verified": false,
        "line_number": 105
      },
      {
        "type": "Secret Keyword",
        "filename": "tests/chat/test_llm_client.py",
        "hashed_secret": "63d185ab613a8f4ba8a3f2669f49e8df82bff53f",
        "is_verified": false,
        "line_number": 117
      },
      {
        "type": "Secret Keyword",
        "filename": "tests/chat/test_llm_client.py",
        "hashed_secret": "34020e0dff7a1f200b742709d7ed0564e46bd50c",
        "is_verified": false,
        "line_number": 142
      },
      {
        "type": "Secret Keyword",
        "filename": "tests/chat/test_llm_client.py",
        "hashed_secret": "bb3be8e9392f90cd6fdd90f9ffc3cc40e2d6b670",
        "is_verified": false,
        "line_number": 160
      },
      {
        "type": "Secret Keyword",
        "filename": "tests/chat/test_llm_client.py",
        "hashed_secret": "6014c06eb0704c94e4bbbd0ec64eb7ea2dda6600",
        "is_verified": false,
        "line_number": 544
      }
    ],
    "tests/chat/test_llm_factory.py": [
      {
        "type": "Secret Keyword",
        "filename": "tests/chat/test_llm_factory.py",
        "hashed_secret": "fd9a45bc0b07706d849cf85021ecf9123fa83d82",
        "is_verified": false,
        "line_number": 176
      },
      {
        "type": "Secret Keyword",
        "filename": "tests/chat/test_llm_factory.py",
        "hashed_secret": "34020e0dff7a1f200b742709d7ed0564e46bd50c",
        "is_verified": false,
        "line_number": 196
      },
      {
        "type": "Secret Keyword",
        "filename": "tests/chat/test_llm_factory.py",
        "hashed_secret": "380653fc1e1344144c6374d9cc14754bf51a5eed",
        "is_verified": false,
        "line_number": 237
      },
      {
        "type": "Secret Keyword",
        "filename": "tests/chat/test_llm_factory.py",
        "hashed_secret": "cd92ff87a2072995af9514a31d8b84b023535315",
        "is_verified": false,
        "line_number": 241
      },
      {
        "type": "Secret Keyword",
        "filename": "tests/chat/test_llm_factory.py",
        "hashed_secret": "86730ef987b9691310eb2dc5b7ae6ac6b4b6d83b",
        "is_verified": false,
        "line_number": 251
      },
      {
        "type": "Secret Keyword",
        "filename": "tests/chat/test_llm_factory.py",
        "hashed_secret": "6edca40e25f877821abcb362f23331f0f7a7068a",
        "is_verified": false,
        "line_number": 257
      },
      {
        "type": "Secret Keyword",
        "filename": "tests/chat/test_llm_factory.py",
        "hashed_secret": "8ed4322e8e2790b8c928d381ce8d07cfd966e909",
        "is_verified": false,
        "line_number": 278
      }
    ],
    "tests/chat/test_ports.py": [
      {
        "type": "Secret Keyword",
        "filename": "tests/chat/test_ports.py",
        "hashed_secret": "e9a5f12a8ecbb3eb46eca5096b5c52aa5e7c9fdd",
        "is_verified": false,
        "line_number": 111
      }
    ],
    "tests/chat/test_provider_mocks.py": [
      {
        "type": "Secret Keyword",
        "filename": "tests/chat/test_provider_mocks.py",
        "hashed_secret": "8ed4322e8e2790b8c928d381ce8d07cfd966e909",
        "is_verified": false,
        "line_number": 30
      },
      {
        "type": "Secret Keyword",
        "filename": "tests/chat/test_provider_mocks.py",
        "hashed_secret": "e9a5f12a8ecbb3eb46eca5096b5c52aa5e7c9fdd",
        "is_verified": false,
        "line_number": 125
      }
    ],
    "tests/chat/test_provider_routing.py": [
      {
        "type": "Secret Keyword",
        "filename": "tests/chat/test_provider_routing.py",
        "hashed_secret": "8ed4322e8e2790b8c928d381ce8d07cfd966e909",
        "is_verified": false,
        "line_number": 35
      }
    ],
    "tests/infra/llm/test_provider_factory.py": [
      {
        "type": "Secret Keyword",
        "filename": "tests/infra/llm/test_provider_factory.py",
        "hashed_secret": "8ed4322e8e2790b8c928d381ce8d07cfd966e909",
        "is_verified": false,
        "line_number": 192
      },
      {
        "type": "Secret Keyword",
        "filename": "tests/infra/llm/test_provider_factory.py",
        "hashed_secret": "fd9a45bc0b07706d849cf85021ecf9123fa83d82",
        "is_verified": false,
        "line_number": 216
      },
      {
        "type": "Secret Keyword",
        "filename": "tests/infra/llm/test_provider_factory.py",
        "hashed_secret": "cd92ff87a2072995af9514a31d8b84b023535315",
        "is_verified": false,
        "line_number": 229
      },
      {
        "type": "Secret Keyword",
        "filename": "tests/infra/llm/test_provider_factory.py",
        "hashed_secret": "bb3be8e9392f90cd6fdd90f9ffc3cc40e2d6b670",
        "is_verified": false,
        "line_number": 239
      },
      {
        "type": "Secret Keyword",
        "filename": "tests/infra/llm/test_provider_factory.py",
        "hashed_secret": "34020e0dff7a1f200b742709d7ed0564e46bd50c",
        "is_verified": false,
        "line_number": 261
      }
    ],
    "tests/test_config.py": [
      {
        "type": "Secret Keyword",
        "filename": "tests/test_config.py",
        "hashed_secret": "d4e0e04792fd434b5dc9c4155c178f66edcf4ed3",
        "is_verified": false,
        "line_number": 53
      },
      {
        "type": "Secret Keyword",
        "filename": "tests/test_config.py",
        "hashed_secret": "c9244e61aff4c392acab233287affea119e1d54b",
        "is_verified": false,
        "line_number": 54
      },
      {
        "type": "Secret Keyword",
        "filename": "tests/test_config.py",
        "hashed_secret": "e727d1464ae12436e899a726da5b2f11d8381b26",
        "is_verified": false,
        "line_number": 128
      },
      {
        "type": "Basic Auth Credentials",
        "filename": "tests/test_config.py",
        "hashed_secret": "f9ac14b63a75faf57d8db6f919bfabb2502d273c",
        "is_verified": false,
        "line_number": 148
      },
      {
        "type": "Secret Keyword",
        "filename": "tests/test_config.py",
        "hashed_secret": "69d926167aa2ba9f9f9182388c8e575d57ba0aa0",
        "is_verified": false,
        "line_number": 225
      },
      {
        "type": "Secret Keyword",
        "filename": "tests/test_config.py",
        "hashed_secret": "e5e9fa1ba31ecd1ae84f75caaa474f3a663f05f4",
        "is_verified": false,
        "line_number": 260
      },
      {
        "type": "Secret Keyword",
        "filename": "tests/test_config.py",
        "hashed_secret": "7d1043473d55bfa90e8530d35801d4e381bc69f0",
        "is_verified": false,
        "line_number": 320
      },
      {
        "type": "Basic Auth Credentials",
        "filename": "tests/test_config.py",
        "hashed_secret": "7d1043473d55bfa90e8530d35801d4e381bc69f0",
        "is_verified": false,
        "line_number": 339
      },
      {
        "type": "Secret Keyword",
        "filename": "tests/test_config.py",
        "hashed_secret": "e9a5f12a8ecbb3eb46eca5096b5c52aa5e7c9fdd",
        "is_verified": false,
        "line_number": 457
      },
      {
        "type": "Secret Keyword",
        "filename": "tests/test_config.py",
        "hashed_secret": "fd9a45bc0b07706d849cf85021ecf9123fa83d82",
        "is_verified": false,
        "line_number": 482
      },
      {
        "type": "Secret Keyword",
        "filename": "tests/test_config.py",
        "hashed_secret": "63d185ab613a8f4ba8a3f2669f49e8df82bff53f",
        "is_verified": false,
        "line_number": 491
      },
      {
        "type": "Secret Keyword",
        "filename": "tests/test_config.py",
        "hashed_secret": "34020e0dff7a1f200b742709d7ed0564e46bd50c",
        "is_verified": false,
        "line_number": 500
      },
      {
        "type": "Secret Keyword",
        "filename": "tests/test_config.py",
        "hashed_secret": "8ed4322e8e2790b8c928d381ce8d07cfd966e909",
        "is_verified": false,
        "line_number": 528
      },
      {
        "type": "Secret Keyword",
        "filename": "tests/test_config.py",
        "hashed_secret": "e0538dbde0484e599b41a65cc6a9d443b5011520",
        "is_verified": false,
        "line_number": 534
      },
      {
        "type": "Secret Keyword",
        "filename": "tests/test_config.py",
        "hashed_secret": "0806de16397f48779d68772070b1822dc2109b15",
        "is_verified": false,
        "line_number": 550
      },
      {
        "type": "Secret Keyword",
        "filename": "tests/test_config.py",
        "hashed_secret": "c5ea6302a01a3c830d0fdec226e1d5d6dca41389",
        "is_verified": false,
        "line_number": 561
      }
    ]
  },
  "generated_at": "2026-05-12T12:42:24Z"
}
